\BOOKMARK [1][-]{Doc-Start}{\376\377\000A\000b\000b\000i\000l\000d\000u\000n\000g\000s\000v\000e\000r\000z\000e\000i\000c\000h\000n\000i\000s}{}% 1
\BOOKMARK [1][-]{Doc-Start}{\376\377\000T\000a\000b\000e\000l\000l\000e\000n\000v\000e\000r\000z\000e\000i\000c\000h\000n\000i\000s}{}% 2
\BOOKMARK [1][-]{section.1}{\376\377\000E\000i\000n\000l\000e\000i\000t\000u\000n\000g}{}% 3
\BOOKMARK [1][-]{section.2}{\376\377\000L\000i\000t\000e\000r\000a\000t\000u\000r\000e\000\040\000R\000e\000v\000i\000e\000w}{}% 4
\BOOKMARK [2][-]{subsection.2.1}{\376\377\000M\000a\000i\000n\000t\000e\000n\000a\000n\000c\000e\000\040\000O\000p\000t\000i\000m\000i\000z\000a\000t\000i\000o\000n\000\040\000i\000n\000\040\000I\000n\000f\000r\000a\000s\000t\000r\000u\000c\000t\000u\000r\000e\000\040\000S\000y\000s\000t\000e\000m\000s}{section.2}% 5
\BOOKMARK [3][-]{subsubsection.2.1.1}{\376\377\000C\000o\000n\000c\000e\000p\000t\000\040\000a\000n\000d\000\040\000O\000b\000j\000e\000c\000t\000i\000v\000e\000s\000\040\000o\000f\000\040\000M\000a\000i\000n\000t\000e\000n\000a\000n\000c\000e\000\040\000O\000p\000t\000i\000m\000i\000z\000a\000t\000i\000o\000n}{subsection.2.1}% 6
\BOOKMARK [3][-]{subsubsection.2.1.2}{\376\377\000M\000a\000i\000n\000t\000e\000n\000a\000n\000c\000e\000\040\000S\000t\000r\000a\000t\000e\000g\000i\000e\000s\000:\000\040\000P\000r\000e\000v\000e\000n\000t\000i\000v\000e\000,\000\040\000R\000e\000a\000c\000t\000i\000v\000e\000,\000\040\000C\000o\000n\000d\000i\000t\000i\000o\000n\000-\000B\000a\000s\000e\000d}{subsection.2.1}% 7
\BOOKMARK [3][-]{subsubsection.2.1.3}{}{subsection.2.1}% 8
\BOOKMARK [3][-]{subsubsection.2.1.4}{\376\377\000T\000r\000a\000n\000s\000i\000t\000i\000o\000n\000\040\000t\000o\000\040\000M\000o\000b\000i\000l\000e\000\040\000M\000a\000i\000n\000t\000e\000n\000a\000n\000c\000e\000\040\000a\000n\000d\000\040\000S\000e\000r\000v\000i\000c\000e\000\040\000I\000n\000t\000e\000r\000v\000e\000n\000t\000i\000o\000n\000s}{subsection.2.1}% 9
\BOOKMARK [1][-]{section.3}{\376\377\000P\000r\000o\000b\000l\000e\000m\000\040\000D\000e\000f\000i\000n\000i\000t\000i\000o\000n}{}% 10
\BOOKMARK [2][-]{subsection.3.1}{\376\377\000O\000p\000e\000r\000a\000t\000i\000o\000n\000a\000l\000\040\000S\000e\000t\000t\000i\000n\000g}{section.3}% 11
\BOOKMARK [2][-]{subsection.3.2}{\376\377\000E\000n\000v\000i\000r\000o\000n\000m\000e\000n\000t\000\040\000a\000n\000d\000\040\000D\000i\000s\000t\000u\000r\000b\000a\000n\000c\000e\000s}{section.3}% 12
\BOOKMARK [2][-]{subsection.3.3}{\376\377\000A\000s\000s\000u\000m\000p\000t\000i\000o\000n\000s\000\040\000a\000n\000d\000\040\000C\000o\000s\000t\000\040\000M\000o\000d\000e\000l}{section.3}% 13
\BOOKMARK [1][-]{section.4}{\376\377\000T\000h\000e\000o\000r\000e\000t\000i\000c\000a\000l\000\040\000F\000r\000a\000m\000e\000w\000o\000r\000k}{}% 14
\BOOKMARK [2][-]{subsection.4.1}{\376\377\000M\000a\000r\000k\000o\000v\000\040\000D\000e\000c\000i\000s\000i\000o\000n\000\040\000P\000r\000o\000c\000e\000s\000s}{section.4}% 15
\BOOKMARK [1][-]{section.5}{\376\377\000S\000o\000l\000u\000t\000i\000o\000n\000\040\000M\000e\000t\000h\000o\000d\000o\000l\000o\000g\000y}{}% 16
\BOOKMARK [1][-]{section.6}{\376\377\000E\000x\000p\000e\000r\000i\000m\000e\000n\000t\000a\000l\000\040\000S\000e\000t\000u\000p}{}% 17
\BOOKMARK [1][-]{section.7}{\376\377\000R\000e\000s\000u\000l\000t\000s\000\040\000a\000n\000d\000\040\000A\000n\000a\000l\000y\000s\000i\000s}{}% 18
\BOOKMARK [1][-]{section.8}{\376\377\000D\000i\000s\000c\000u\000s\000s\000i\000o\000n}{}% 19
\BOOKMARK [1][-]{section.9}{\376\377\000O\000u\000t\000l\000o\000o\000k\000\040\000a\000n\000d\000\040\000F\000u\000t\000u\000r\000e\000\040\000W\000o\000r\000k}{}% 20
\BOOKMARK [1][-]{section.9}{\376\377\000L\000i\000t\000e\000r\000a\000t\000u\000r}{}% 21
\BOOKMARK [1][-]{appendix.A}{\376\377\000A\000n\000h\000a\000n\000g\000\040\000A}{}% 22
